device: cpu   tau=$0.00829
loaded bandit table: N=36,497  A=11  embed_dim=768
step      1  loss=-0.1190  r=+0.2890  q=0.6875  c=$0.0018  w_q=0.52  H(pi)=2.395
step    500  loss=-0.1424  r=+0.4584  q=0.7188  c=$0.0004  w_q=0.64  H(pi)=1.839
step   1000  loss=-0.0808  r=+0.2930  q=0.5938  c=$0.0006  w_q=0.52  H(pi)=1.952
step   1500  loss=-0.0940  r=+0.3077  q=0.7188  c=$0.0005  w_q=0.41  H(pi)=1.865
step   2000  loss=-0.2100  r=+0.3138  q=0.6875  c=$0.0015  w_q=0.48  H(pi)=1.895
  [val @ w=(0.5, 0.5)] quality=0.6811  cost=$0.0006  action_H=1.11 bits
step   2500  loss=-0.0923  r=+0.3288  q=0.6016  c=$0.0004  w_q=0.54  H(pi)=1.877
step   3000  loss=-0.1374  r=+0.3191  q=0.7422  c=$0.0016  w_q=0.44  H(pi)=1.849
step   3500  loss=-0.1571  r=+0.2616  q=0.6953  c=$0.0008  w_q=0.47  H(pi)=1.799
step   4000  loss=-0.0787  r=+0.3176  q=0.5875  c=$0.0010  w_q=0.58  H(pi)=1.822
  [val @ w=(0.5, 0.5)] quality=0.6587  cost=$0.0005  action_H=0.86 bits
step   4500  loss=-0.0674  r=+0.2208  q=0.5938  c=$0.0012  w_q=0.52  H(pi)=1.864
step   5000  loss=-0.1380  r=+0.3019  q=0.6250  c=$0.0009  w_q=0.54  H(pi)=1.838
step   5500  loss=-0.0693  r=+0.3512  q=0.6953  c=$0.0009  w_q=0.52  H(pi)=1.845
step   6000  loss=-0.1536  r=+0.2865  q=0.6562  c=$0.0007  w_q=0.52  H(pi)=1.848
  [val @ w=(0.5, 0.5)] quality=0.6666  cost=$0.0005  action_H=1.23 bits
step   6500  loss=-0.1104  r=+0.2226  q=0.5234  c=$0.0013  w_q=0.52  H(pi)=1.886
step   7000  loss=-0.1515  r=+0.3117  q=0.6016  c=$0.0010  w_q=0.51  H(pi)=1.878
step   7500  loss=-0.2201  r=+0.2406  q=0.6328  c=$0.0020  w_q=0.41  H(pi)=1.768
step   8000  loss=-0.1170  r=+0.2626  q=0.5234  c=$0.0005  w_q=0.47  H(pi)=1.841
  [val @ w=(0.5, 0.5)] quality=0.6792  cost=$0.0005  action_H=1.56 bits
step   8500  loss=-0.1344  r=+0.3125  q=0.5938  c=$0.0017  w_q=0.55  H(pi)=1.771
step   9000  loss=-0.1041  r=+0.2736  q=0.6484  c=$0.0006  w_q=0.49  H(pi)=1.877
step   9500  loss=-0.1222  r=+0.1972  q=0.6875  c=$0.0004  w_q=0.38  H(pi)=1.818
step  10000  loss=-0.0852  r=+0.2600  q=0.7422  c=$0.0009  w_q=0.39  H(pi)=1.797
  [val @ w=(0.5, 0.5)] quality=0.6814  cost=$0.0006  action_H=1.21 bits
step  10500  loss=-0.0847  r=+0.1600  q=0.5703  c=$0.0006  w_q=0.42  H(pi)=1.883
step  11000  loss=-0.1839  r=+0.2897  q=0.5547  c=$0.0020  w_q=0.55  H(pi)=1.849
step  11500  loss=-0.1341  r=+0.3172  q=0.6250  c=$0.0005  w_q=0.53  H(pi)=1.829
step  12000  loss=-0.2544  r=+0.2658  q=0.6406  c=$0.0013  w_q=0.50  H(pi)=1.836
  [val @ w=(0.5, 0.5)] quality=0.6828  cost=$0.0006  action_H=1.22 bits
step  12500  loss=-0.1906  r=+0.2627  q=0.6016  c=$0.0016  w_q=0.49  H(pi)=1.767
step  13000  loss=-0.0919  r=+0.4280  q=0.6953  c=$0.0013  w_q=0.63  H(pi)=1.839
step  13500  loss=-0.1610  r=+0.3233  q=0.5859  c=$0.0009  w_q=0.61  H(pi)=1.824
step  14000  loss=-0.1420  r=+0.2794  q=0.5781  c=$0.0006  w_q=0.51  H(pi)=1.860
  [val @ w=(0.5, 0.5)] quality=0.6733  cost=$0.0005  action_H=1.01 bits
step  14500  loss=-0.1990  r=+0.2397  q=0.5938  c=$0.0011  w_q=0.47  H(pi)=1.846
step  15000  loss=-0.0947  r=+0.3875  q=0.6172  c=$0.0018  w_q=0.61  H(pi)=1.860
step  15500  loss=-0.2086  r=+0.3053  q=0.6484  c=$0.0009  w_q=0.51  H(pi)=1.765
step  16000  loss=-0.2685  r=+0.2526  q=0.5938  c=$0.0010  w_q=0.51  H(pi)=1.664
  [val @ w=(0.5, 0.5)] quality=0.6821  cost=$0.0006  action_H=0.99 bits
step  16500  loss=-0.0590  r=+0.3506  q=0.6953  c=$0.0009  w_q=0.54  H(pi)=1.626
step  17000  loss=-0.1715  r=+0.2300  q=0.5859  c=$0.0013  w_q=0.45  H(pi)=1.758
step  17500  loss=-0.1377  r=+0.2391  q=0.6484  c=$0.0017  w_q=0.44  H(pi)=1.809
step  18000  loss=-0.1915  r=+0.2799  q=0.5391  c=$0.0007  w_q=0.50  H(pi)=1.802
  [val @ w=(0.5, 0.5)] quality=0.6826  cost=$0.0005  action_H=1.46 bits
step  18500  loss=-0.1298  r=+0.2080  q=0.5781  c=$0.0004  w_q=0.48  H(pi)=1.782
step  19000  loss=-0.2003  r=+0.2837  q=0.6641  c=$0.0013  w_q=0.44  H(pi)=1.762
step  19500  loss=-0.1091  r=+0.3019  q=0.7188  c=$0.0009  w_q=0.49  H(pi)=1.852
step  20000  loss=-0.1283  r=+0.1900  q=0.6562  c=$0.0014  w_q=0.42  H(pi)=1.831
  [val @ w=(0.5, 0.5)] quality=0.6839  cost=$0.0005  action_H=1.39 bits
step  20500  loss=-0.1717  r=+0.2862  q=0.6484  c=$0.0015  w_q=0.52  H(pi)=1.726
step  21000  loss=-0.2632  r=+0.2356  q=0.5078  c=$0.0008  w_q=0.51  H(pi)=1.673
step  21500  loss=-0.0889  r=+0.3430  q=0.6875  c=$0.0009  w_q=0.49  H(pi)=1.681
step  22000  loss=-0.2292  r=+0.4129  q=0.6250  c=$0.0022  w_q=0.56  H(pi)=1.797
  [val @ w=(0.5, 0.5)] quality=0.6671  cost=$0.0005  action_H=0.44 bits
step  22500  loss=-0.1571  r=+0.2513  q=0.6016  c=$0.0007  w_q=0.44  H(pi)=1.802
step  23000  loss=-0.2177  r=+0.2605  q=0.6328  c=$0.0009  w_q=0.46  H(pi)=1.715
step  23500  loss=-0.1702  r=+0.1763  q=0.5516  c=$0.0020  w_q=0.42  H(pi)=1.775
step  24000  loss=-0.1976  r=+0.3720  q=0.7031  c=$0.0016  w_q=0.54  H(pi)=1.790
  [val @ w=(0.5, 0.5)] quality=0.6778  cost=$0.0005  action_H=1.58 bits
step  24500  loss=-0.1594  r=+0.2660  q=0.5391  c=$0.0009  w_q=0.49  H(pi)=1.870
step  25000  loss=-0.1042  r=+0.2485  q=0.5391  c=$0.0016  w_q=0.55  H(pi)=1.755
step  25500  loss=-0.1155  r=+0.3034  q=0.7266  c=$0.0010  w_q=0.46  H(pi)=1.873
step  26000  loss=-0.0840  r=+0.3999  q=0.7375  c=$0.0013  w_q=0.56  H(pi)=1.690
  [val @ w=(0.5, 0.5)] quality=0.6843  cost=$0.0005  action_H=1.39 bits
step  26500  loss=-0.0985  r=+0.2997  q=0.5859  c=$0.0012  w_q=0.58  H(pi)=1.789
step  27000  loss=-0.1184  r=+0.2754  q=0.5859  c=$0.0012  w_q=0.47  H(pi)=1.798
step  27500  loss=-0.1355  r=+0.3607  q=0.7734  c=$0.0018  w_q=0.54  H(pi)=1.769
step  28000  loss=-0.1473  r=+0.1979  q=0.5000  c=$0.0012  w_q=0.48  H(pi)=1.764
  [val @ w=(0.5, 0.5)] quality=0.6761  cost=$0.0005  action_H=1.53 bits
step  28500  loss=-0.1801  r=+0.3189  q=0.6672  c=$0.0018  w_q=0.56  H(pi)=1.789
step  29000  loss=-0.1156  r=+0.2746  q=0.5781  c=$0.0008  w_q=0.51  H(pi)=1.796
step  29500  loss=-0.1241  r=+0.3982  q=0.7656  c=$0.0011  w_q=0.54  H(pi)=1.629
step  30000  loss=-0.1802  r=+0.4324  q=0.8047  c=$0.0023  w_q=0.57  H(pi)=1.768
  [val @ w=(0.5, 0.5)] quality=0.6707  cost=$0.0005  action_H=1.39 bits
step  30500  loss=-0.1928  r=+0.3108  q=0.6328  c=$0.0004  w_q=0.47  H(pi)=1.721
step  31000  loss=-0.1130  r=+0.2298  q=0.6484  c=$0.0005  w_q=0.41  H(pi)=1.830
step  31500  loss=-0.1329  r=+0.2497  q=0.5703  c=$0.0006  w_q=0.49  H(pi)=1.858
step  32000  loss=-0.2384  r=+0.3732  q=0.8281  c=$0.0023  w_q=0.52  H(pi)=1.759
  [val @ w=(0.5, 0.5)] quality=0.6847  cost=$0.0005  action_H=1.28 bits
step  32500  loss=-0.1072  r=+0.3282  q=0.7266  c=$0.0009  w_q=0.45  H(pi)=1.876
step  33000  loss=-0.1489  r=+0.2859  q=0.6719  c=$0.0007  w_q=0.49  H(pi)=1.836
step  33500  loss=-0.1539  r=+0.2867  q=0.6234  c=$0.0009  w_q=0.49  H(pi)=1.816
step  34000  loss=-0.0459  r=+0.3273  q=0.6250  c=$0.0009  w_q=0.51  H(pi)=1.767
  [val @ w=(0.5, 0.5)] quality=0.6746  cost=$0.0005  action_H=1.51 bits
step  34500  loss=-0.0934  r=+0.2077  q=0.6406  c=$0.0009  w_q=0.40  H(pi)=1.823
step  35000  loss=-0.2000  r=+0.2760  q=0.6687  c=$0.0015  w_q=0.46  H(pi)=1.826
step  35500  loss=-0.1357  r=+0.3473  q=0.6250  c=$0.0011  w_q=0.54  H(pi)=1.806
step  36000  loss=-0.0729  r=+0.1765  q=0.6094  c=$0.0014  w_q=0.32  H(pi)=1.914
  [val @ w=(0.5, 0.5)] quality=0.6731  cost=$0.0005  action_H=1.55 bits
step  36500  loss=-0.0840  r=+0.2125  q=0.5547  c=$0.0008  w_q=0.45  H(pi)=1.737
step  37000  loss=-0.1220  r=+0.3038  q=0.5703  c=$0.0011  w_q=0.50  H(pi)=1.812
step  37500  loss=-0.0092  r=+0.2427  q=0.6406  c=$0.0007  w_q=0.42  H(pi)=1.793
step  38000  loss=-0.1432  r=+0.2730  q=0.6172  c=$0.0007  w_q=0.46  H(pi)=1.828
  [val @ w=(0.5, 0.5)] quality=0.6695  cost=$0.0005  action_H=1.27 bits
step  38500  loss=-0.1543  r=+0.2580  q=0.5422  c=$0.0011  w_q=0.53  H(pi)=1.891
step  39000  loss=-0.2258  r=+0.3465  q=0.6172  c=$0.0011  w_q=0.54  H(pi)=1.767
step  39500  loss=-0.1273  r=+0.2496  q=0.5469  c=$0.0010  w_q=0.48  H(pi)=1.830
step  40000  loss=-0.1430  r=+0.2596  q=0.5859  c=$0.0007  w_q=0.45  H(pi)=1.884
  [val @ w=(0.5, 0.5)] quality=0.6743  cost=$0.0005  action_H=1.75 bits
step  40500  loss=-0.0584  r=+0.2539  q=0.5312  c=$0.0008  w_q=0.50  H(pi)=1.908
step  41000  loss=-0.0604  r=+0.3135  q=0.6672  c=$0.0013  w_q=0.50  H(pi)=1.869
step  41500  loss=-0.1254  r=+0.3794  q=0.7500  c=$0.0007  w_q=0.54  H(pi)=1.771
step  42000  loss=-0.1366  r=+0.3417  q=0.6953  c=$0.0009  w_q=0.51  H(pi)=1.823
  [val @ w=(0.5, 0.5)] quality=0.6716  cost=$0.0005  action_H=1.32 bits
step  42500  loss=-0.0887  r=+0.2956  q=0.6719  c=$0.0005  w_q=0.47  H(pi)=1.763
step  43000  loss=-0.0093  r=+0.2578  q=0.5391  c=$0.0004  w_q=0.50  H(pi)=1.822
step  43500  loss=-0.2085  r=+0.2216  q=0.5781  c=$0.0022  w_q=0.44  H(pi)=1.769
step  44000  loss=-0.1649  r=+0.2755  q=0.5781  c=$0.0017  w_q=0.52  H(pi)=1.775
  [val @ w=(0.5, 0.5)] quality=0.6769  cost=$0.0005  action_H=1.61 bits
step  44500  loss=-0.1339  r=+0.2871  q=0.5156  c=$0.0012  w_q=0.48  H(pi)=1.775
step  45000  loss=-0.2242  r=+0.2935  q=0.6797  c=$0.0010  w_q=0.45  H(pi)=1.726
step  45500  loss=-0.1080  r=+0.3364  q=0.6797  c=$0.0016  w_q=0.53  H(pi)=1.769
step  46000  loss=-0.1704  r=+0.3147  q=0.5938  c=$0.0017  w_q=0.55  H(pi)=1.812
  [val @ w=(0.5, 0.5)] quality=0.6816  cost=$0.0005  action_H=1.65 bits
step  46500  loss=-0.1648  r=+0.3931  q=0.6875  c=$0.0023  w_q=0.59  H(pi)=1.881
step  47000  loss=-0.1745  r=+0.3165  q=0.6328  c=$0.0027  w_q=0.49  H(pi)=1.727
step  47500  loss=-0.1430  r=+0.2946  q=0.6328  c=$0.0009  w_q=0.50  H(pi)=1.881
step  48000  loss=-0.1424  r=+0.3799  q=0.6484  c=$0.0007  w_q=0.59  H(pi)=1.854
  [val @ w=(0.5, 0.5)] quality=0.6796  cost=$0.0005  action_H=1.65 bits
step  48500  loss=-0.1262  r=+0.2919  q=0.6328  c=$0.0019  w_q=0.52  H(pi)=1.830
step  49000  loss=-0.0374  r=+0.3415  q=0.6719  c=$0.0012  w_q=0.47  H(pi)=1.724
step  49500  loss=-0.1732  r=+0.3497  q=0.6562  c=$0.0009  w_q=0.60  H(pi)=1.784
step  50000  loss=-0.0657  r=+0.3155  q=0.6641  c=$0.0010  w_q=0.49  H(pi)=1.792
  [val @ w=(0.5, 0.5)] quality=0.6762  cost=$0.0005  action_H=1.60 bits
step  50500  loss=-0.0707  r=+0.2091  q=0.6016  c=$0.0008  w_q=0.41  H(pi)=1.899
step  51000  loss=-0.1580  r=+0.3318  q=0.7891  c=$0.0010  w_q=0.48  H(pi)=1.811
step  51500  loss=-0.1687  r=+0.4213  q=0.8203  c=$0.0009  w_q=0.50  H(pi)=1.674
step  52000  loss=-0.1582  r=+0.3150  q=0.5547  c=$0.0012  w_q=0.53  H(pi)=1.787
  [val @ w=(0.5, 0.5)] quality=0.6767  cost=$0.0005  action_H=1.63 bits
step  52500  loss=-0.1076  r=+0.2855  q=0.6328  c=$0.0006  w_q=0.50  H(pi)=1.787
step  53000  loss=-0.1378  r=+0.4344  q=0.6797  c=$0.0017  w_q=0.61  H(pi)=1.835
step  53500  loss=-0.0869  r=+0.2816  q=0.5547  c=$0.0006  w_q=0.53  H(pi)=1.748
step  54000  loss=-0.2083  r=+0.3471  q=0.7344  c=$0.0014  w_q=0.47  H(pi)=1.794
  [val @ w=(0.5, 0.5)] quality=0.6801  cost=$0.0005  action_H=1.67 bits
step  54500  loss=-0.1167  r=+0.2242  q=0.6484  c=$0.0008  w_q=0.41  H(pi)=1.755
step  55000  loss=-0.1412  r=+0.3517  q=0.7344  c=$0.0011  w_q=0.50  H(pi)=1.761
step  55500  loss=-0.0935  r=+0.2647  q=0.5312  c=$0.0014  w_q=0.55  H(pi)=1.810
step  56000  loss=-0.0570  r=+0.3468  q=0.5547  c=$0.0006  w_q=0.57  H(pi)=1.899
  [val @ w=(0.5, 0.5)] quality=0.6786  cost=$0.0005  action_H=1.76 bits
step  56500  loss=-0.1998  r=+0.3947  q=0.7578  c=$0.0014  w_q=0.52  H(pi)=1.753
step  57000  loss=-0.1752  r=+0.2520  q=0.5469  c=$0.0010  w_q=0.51  H(pi)=1.825
step  57500  loss=-0.1962  r=+0.4283  q=0.7344  c=$0.0015  w_q=0.60  H(pi)=1.730
step  58000  loss=-0.1549  r=+0.1645  q=0.5078  c=$0.0005  w_q=0.46  H(pi)=1.779
  [val @ w=(0.5, 0.5)] quality=0.6837  cost=$0.0005  action_H=1.62 bits
step  58500  loss=-0.1561  r=+0.2961  q=0.6562  c=$0.0010  w_q=0.48  H(pi)=1.792
step  59000  loss=-0.1193  r=+0.2732  q=0.5781  c=$0.0009  w_q=0.53  H(pi)=1.777
step  59500  loss=-0.2239  r=+0.2645  q=0.6719  c=$0.0012  w_q=0.46  H(pi)=1.768
step  60000  loss=-0.1551  r=+0.3074  q=0.5469  c=$0.0012  w_q=0.52  H(pi)=1.808
  [val @ w=(0.5, 0.5)] quality=0.6750  cost=$0.0005  action_H=1.39 bits
step  60500  loss=-0.1021  r=+0.2171  q=0.4688  c=$0.0008  w_q=0.49  H(pi)=1.928
step  61000  loss=-0.1715  r=+0.3273  q=0.6641  c=$0.0010  w_q=0.46  H(pi)=1.830
step  61500  loss=-0.1457  r=+0.2812  q=0.6172  c=$0.0007  w_q=0.47  H(pi)=1.743
step  62000  loss=-0.1275  r=+0.2487  q=0.6328  c=$0.0011  w_q=0.49  H(pi)=1.806
  [val @ w=(0.5, 0.5)] quality=0.6811  cost=$0.0005  action_H=1.64 bits
step  62500  loss=-0.1286  r=+0.3434  q=0.7188  c=$0.0010  w_q=0.51  H(pi)=1.811
step  63000  loss=-0.0287  r=+0.2739  q=0.5703  c=$0.0010  w_q=0.50  H(pi)=1.661
step  63500  loss=-0.1701  r=+0.3313  q=0.6953  c=$0.0011  w_q=0.49  H(pi)=1.878
step  64000  loss=-0.2257  r=+0.2746  q=0.6016  c=$0.0010  w_q=0.47  H(pi)=1.788
  [val @ w=(0.5, 0.5)] quality=0.6760  cost=$0.0005  action_H=1.59 bits
step  64500  loss=-0.1832  r=+0.2954  q=0.6641  c=$0.0016  w_q=0.45  H(pi)=1.721
step  65000  loss=-0.1817  r=+0.3844  q=0.7266  c=$0.0015  w_q=0.53  H(pi)=1.783
step  65500  loss=-0.1304  r=+0.2518  q=0.5703  c=$0.0009  w_q=0.48  H(pi)=1.923
step  66000  loss=-0.1639  r=+0.2601  q=0.5000  c=$0.0012  w_q=0.52  H(pi)=1.792
  [val @ w=(0.5, 0.5)] quality=0.6818  cost=$0.0005  action_H=1.67 bits
step  66500  loss=-0.1050  r=+0.3735  q=0.7422  c=$0.0015  w_q=0.52  H(pi)=1.740
step  67000  loss=-0.1087  r=+0.2846  q=0.5703  c=$0.0007  w_q=0.50  H(pi)=1.805
step  67500  loss=-0.0608  r=+0.2491  q=0.5547  c=$0.0009  w_q=0.47  H(pi)=1.837
step  68000  loss=-0.0893  r=+0.3708  q=0.7266  c=$0.0014  w_q=0.56  H(pi)=1.881
  [val @ w=(0.5, 0.5)] quality=0.6843  cost=$0.0005  action_H=1.68 bits
step  68500  loss=-0.1822  r=+0.1380  q=0.5859  c=$0.0014  w_q=0.34  H(pi)=1.814
step  69000  loss=-0.2112  r=+0.3182  q=0.7047  c=$0.0010  w_q=0.51  H(pi)=1.782
step  69500  loss=-0.1323  r=+0.2502  q=0.5547  c=$0.0019  w_q=0.49  H(pi)=1.887
step  70000  loss=-0.0982  r=+0.2965  q=0.5781  c=$0.0011  w_q=0.56  H(pi)=1.742
  [val @ w=(0.5, 0.5)] quality=0.6685  cost=$0.0005  action_H=1.86 bits
step  70500  loss=-0.2536  r=+0.4290  q=0.7031  c=$0.0028  w_q=0.57  H(pi)=1.534
step  71000  loss=-0.1501  r=+0.2591  q=0.5312  c=$0.0024  w_q=0.53  H(pi)=1.786
step  71500  loss=-0.1291  r=+0.3729  q=0.7188  c=$0.0011  w_q=0.52  H(pi)=1.815
step  72000  loss=-0.0885  r=+0.2174  q=0.5312  c=$0.0006  w_q=0.50  H(pi)=1.899
  [val @ w=(0.5, 0.5)] quality=0.6730  cost=$0.0005  action_H=1.84 bits
step  72500  loss=-0.2006  r=+0.2683  q=0.5703  c=$0.0007  w_q=0.45  H(pi)=1.798
step  73000  loss=-0.1856  r=+0.3500  q=0.6953  c=$0.0014  w_q=0.56  H(pi)=1.786
step  73500  loss=-0.1455  r=+0.3363  q=0.5938  c=$0.0007  w_q=0.50  H(pi)=1.828
step  74000  loss=-0.0940  r=+0.2666  q=0.6641  c=$0.0008  w_q=0.46  H(pi)=1.879
  [val @ w=(0.5, 0.5)] quality=0.6726  cost=$0.0005  action_H=1.90 bits
step  74500  loss=-0.1090  r=+0.1632  q=0.5703  c=$0.0014  w_q=0.38  H(pi)=1.849
step  75000  loss=-0.1496  r=+0.2838  q=0.6719  c=$0.0015  w_q=0.48  H(pi)=1.798
step  75500  loss=-0.1585  r=+0.2678  q=0.6641  c=$0.0008  w_q=0.49  H(pi)=1.806
step  76000  loss=-0.1675  r=+0.3754  q=0.7266  c=$0.0011  w_q=0.52  H(pi)=1.740
  [val @ w=(0.5, 0.5)] quality=0.6740  cost=$0.0005  action_H=1.63 bits
step  76500  loss=-0.2095  r=+0.3649  q=0.7188  c=$0.0007  w_q=0.55  H(pi)=1.677
step  77000  loss=-0.0871  r=+0.3169  q=0.6719  c=$0.0011  w_q=0.52  H(pi)=1.828
step  77500  loss=-0.1286  r=+0.3261  q=0.7578  c=$0.0007  w_q=0.46  H(pi)=1.785
step  78000  loss=-0.0591  r=+0.3297  q=0.6328  c=$0.0011  w_q=0.53  H(pi)=1.822
  [val @ w=(0.5, 0.5)] quality=0.6728  cost=$0.0005  action_H=1.83 bits
step  78500  loss=-0.1943  r=+0.3580  q=0.6484  c=$0.0010  w_q=0.53  H(pi)=1.687
step  79000  loss=-0.1937  r=+0.2589  q=0.6484  c=$0.0010  w_q=0.47  H(pi)=1.767
step  79500  loss=-0.1942  r=+0.2489  q=0.6328  c=$0.0007  w_q=0.42  H(pi)=1.799
step  80000  loss=-0.2419  r=+0.3125  q=0.5703  c=$0.0014  w_q=0.56  H(pi)=1.658
  [val @ w=(0.5, 0.5)] quality=0.6806  cost=$0.0005  action_H=1.65 bits
best val quality @ w=(0.5, 0.5) = 0.6847; checkpoint at runs/barp_ood/20260608-112210/policy.pt
